// Jest Snapshot v1, https://goo.gl/fbAQLP

exports[`matches snapshot 1`] = `
<div
  className="headingDiv"
>
  <div
    className="headingAccent"
  />
  <div
    className="headingText"
  >
    <h1
      data-testid="headingId"
      id="heading"
    >
      Assign services
    </h1>
    <h2
      data-testid="subheadingId"
      id="subheading"
    >
      Set up client
    </h2>
  </div>
</div>
`;
